ပထမဆုံး git clone -----------ဆွဲချင်တဲ့ linkထည့်
1.Acer@DESKTOP-IOS8BIJ MINGW64 ~/Desktop
$ cd basic-github    =>လုပ်ချင်တဲ ဖိုင်(basic-github)

2.Acer@DESKTOP-IOS8BIJ MINGW64 ~/Desktop/basic-github (main)
$ git status         =>commit လုပ်ဖို့ untrack ဖစ်နေ့တဲ့ ဖိုင်တွေကို ကြည့်မယ်
On branch main
Your branch is up to date with 'origin/main'.

Untracked files:      => untracked ဖစ်နေတဲ့ ဖိုင်နဲ့ ဘယ်လို track လုပ်ရမယ်ဆိုတာပြထားတယ်
  (use "git add <file>..." to include in what will be committed)
        example.txt

nothing added to commit but untracked files present (use "git add" to track)

3.Acer@DESKTOP-IOS8BIJ MINGW64 ~/Desktop/basic-github (main)
$ git add example.txt  => untracked ဖစ်နေတဲ့ ဖိုင် name ကို git add လုပ်ပေးယုံပဲ

4.Acer@DESKTOP-IOS8BIJ MINGW64 ~/Desktop/basic-github (main)
$ git status    =>=>commit လုပ်ဖို့ untrack ဖစ်နေ့တဲ့ ဖိုင်တွေကို ပြန်ကြည့်မယ်
On branch main
Your branch is up to date with 'origin/main'.

Changes to be committed:
  (use "git restore --staged <file>..." to unstage)
        new file:   example.txt


5.Acer@DESKTOP-IOS8BIJ MINGW64 ~/Desktop/basic-github (main)
$ git commit -m "First Commit"   => commitလုပ်မယ် (git commit -m) နဲ့ နောက်က လုပ်မည့်ဖိုင် အမည်
Author identity unknown

*** Please tell me who you are.   <=  ဘယ်သူ့အကောင့်ထဲ ထည့်မှာလဲ မေးရင် ဖြေပေးလိုက်

Run

  git config --global user.email "you@example.com"
  git config --global user.name "Your Name"

to set your account's default identity.
Omit --global to set the identity only in this repository.

fatal: unable to auto-detect email address (got 'Acer@DESKTOP-IOS8BIJ.(none)')

6.Acer@DESKTOP-IOS8BIJ MINGW64 ~/Desktop/basic-github (main)
$  git config --global user.name "Ye Min Thu"

7.Acer@DESKTOP-IOS8BIJ MINGW64 ~/Desktop/basic-github (main)
$  git config --global user.email "yeminthugtcep@gmail.com"

8.Acer@DESKTOP-IOS8BIJ MINGW64 ~/Desktop/basic-github (main)
$ git commit -m "First Commit"
[main d4458ba] First Commit
 1 file changed, 1 insertion(+)
 create mode 100644 example.txt

